2026-01-09 19:58:42,558 - INFO - --- Testing: User Registration ---
2026-01-09 19:58:42,745 - INFO - HTTP Request: POST http://localhost:8080/api/auth/register/medecin "HTTP/1.1 201 Created"
2026-01-09 19:58:42,914 - INFO - HTTP Request: POST http://localhost:8080/api/auth/register/patient "HTTP/1.1 201 Created"
python : --- Logging 
error ---
At line:1 char:1
+ python scripts/test_b
ackend_api.py > 
test_output.txt 2>&1
+ ~~~~~~~~~~~~~~~~~~~~~
~~~~~~~~~~~~~~~~~~~~~~~
~~~~~~~~~~~~~
    + CategoryInfo     
         : NotSpecifi  
  ed: (--- Logging e   
 rror ---:String) [    
], RemoteException
    + FullyQualifiedEr 
   rorId : NativeComm  
  andError
 
Traceback (most recent 
call last):
  File "C:\Python314\Li
b\logging\__init__.py",
 line 1154, in emit
    stream.write(msg + 
self.terminator)
    ~~~~~~~~~~~~^^^^^^^
^^^^^^^^^^^^^^^^
  File "C:\Python314\Li
b\encodings\cp1252.py",
 line 19, in encode
    return codecs.charm
ap_encode(input,self.er
rors,encoding_table)[0]
           ~~~~~~~~~~~~
~~~~~~~~~^^^^^^^^^^^^^^
^^^^^^^^^^^^^^^^^^^^
UnicodeEncodeError: 
'charmap' codec can't 
encode character 
'\u2705' in position 
33: character maps to 
<undefined>
Call stack:
  File "C:\Users\Karim\
Medinsightv2\scripts\te
st_backend_api.py", 
line 238, in <module>
    asyncio.run(MedInsi
ghtV2Tester().run())
  File "C:\Python314\Li
b\asyncio\runners.py", 
line 204, in run
    return 
runner.run(main)
  File "C:\Python314\Li
b\asyncio\runners.py", 
line 127, in run
    return self._loop.r
un_until_complete(task)
  File "C:\Python314\Li
b\asyncio\base_events.p
y", line 706, in 
run_until_complete
    self.run_forever()
  File "C:\Python314\Li
b\asyncio\base_events.p
y", line 677, in 
run_forever
    self._run_once()
  File "C:\Python314\Li
b\asyncio\base_events.p
y", line 2046, in 
_run_once
    handle._run()
  File "C:\Python314\Li
b\asyncio\events.py", 
line 94, in _run
    self._context.run(s
elf._callback, 
*self._args)
  File "C:\Users\Karim\
Medinsightv2\scripts\te
st_backend_api.py", 
line 223, in run
    success = await 
self.test_step(name, 
func, client)
  File "C:\Users\Karim\
Medinsightv2\scripts\te
st_backend_api.py", 
line 48, in test_step
    
logger.info(f"\u2705 
{name}: SUCCESS")
Message: '\u2705 User 
Registration: SUCCESS'
Arguments: ()
2026-01-09 19:58:42,959 - INFO - --- Testing: Authentication & Tokens ---
2026-01-09 19:58:43,004 - INFO - HTTP Request: POST http://localhost:8180/realms/medinsight/protocol/openid-connect/token "HTTP/1.1 200 OK"
2026-01-09 19:58:43,048 - INFO - HTTP Request: POST http://localhost:8180/realms/medinsight/protocol/openid-connect/token "HTTP/1.1 200 OK"
2026-01-09 19:58:43,057 - INFO - HTTP Request: POST http://localhost:8180/realms/medinsight/protocol/openid-connect/token "HTTP/1.1 401 Unauthorized"
--- Logging error ---
Traceback (most recent 
call last):
  File "C:\Python314\Li
b\logging\__init__.py",
 line 1154, in emit
    stream.write(msg + 
self.terminator)
    ~~~~~~~~~~~~^^^^^^^
^^^^^^^^^^^^^^^^
  File "C:\Python314\Li
b\encodings\cp1252.py",
 line 19, in encode
    return codecs.charm
ap_encode(input,self.er
rors,encoding_table)[0]
           ~~~~~~~~~~~~
~~~~~~~~~^^^^^^^^^^^^^^
^^^^^^^^^^^^^^^^^^^^
UnicodeEncodeError: 
'charmap' codec can't 
encode character 
'\u2705' in position 
33: character maps to 
<undefined>
Call stack:
  File "C:\Users\Karim\
Medinsightv2\scripts\te
st_backend_api.py", 
line 238, in <module>
    asyncio.run(MedInsi
ghtV2Tester().run())
  File "C:\Python314\Li
b\asyncio\runners.py", 
line 204, in run
    return 
runner.run(main)
  File "C:\Python314\Li
b\asyncio\runners.py", 
line 127, in run
    return self._loop.r
un_until_complete(task)
  File "C:\Python314\Li
b\asyncio\base_events.p
y", line 706, in 
run_until_complete
    self.run_forever()
  File "C:\Python314\Li
b\asyncio\base_events.p
y", line 677, in 
run_forever
    self._run_once()
  File "C:\Python314\Li
b\asyncio\base_events.p
y", line 2046, in 
_run_once
    handle._run()
  File "C:\Python314\Li
b\asyncio\events.py", 
line 94, in _run
    self._context.run(s
elf._callback, 
*self._args)
  File "C:\Users\Karim\
Medinsightv2\scripts\te
st_backend_api.py", 
line 223, in run
    success = await 
self.test_step(name, 
func, client)
  File "C:\Users\Karim\
Medinsightv2\scripts\te
st_backend_api.py", 
line 48, in test_step
    
logger.info(f"\u2705 
{name}: SUCCESS")
Message: '\u2705 
Authentication & 
Tokens: SUCCESS'
Arguments: ()
2026-01-09 19:58:43,059 - INFO - --- Testing: Appointment Creation ---
2026-01-09 19:58:43,096 - INFO - HTTP Request: POST http://localhost:8080/api/appointments "HTTP/1.1 201 Created"
--- Logging error ---
Traceback (most recent 
call last):
  File "C:\Python314\Li
b\logging\__init__.py",
 line 1154, in emit
    stream.write(msg + 
self.terminator)
    ~~~~~~~~~~~~^^^^^^^
^^^^^^^^^^^^^^^^
  File "C:\Python314\Li
b\encodings\cp1252.py",
 line 19, in encode
    return codecs.charm
ap_encode(input,self.er
rors,encoding_table)[0]
           ~~~~~~~~~~~~
~~~~~~~~~^^^^^^^^^^^^^^
^^^^^^^^^^^^^^^^^^^^
UnicodeEncodeError: 
'charmap' codec can't 
encode character 
'\u2705' in position 
33: character maps to 
<undefined>
Call stack:
  File "C:\Users\Karim\
Medinsightv2\scripts\te
st_backend_api.py", 
line 238, in <module>
    asyncio.run(MedInsi
ghtV2Tester().run())
  File "C:\Python314\Li
b\asyncio\runners.py", 
line 204, in run
    return 
runner.run(main)
  File "C:\Python314\Li
b\asyncio\runners.py", 
line 127, in run
    return self._loop.r
un_until_complete(task)
  File "C:\Python314\Li
b\asyncio\base_events.p
y", line 706, in 
run_until_complete
    self.run_forever()
  File "C:\Python314\Li
b\asyncio\base_events.p
y", line 677, in 
run_forever
    self._run_once()
  File "C:\Python314\Li
b\asyncio\base_events.p
y", line 2046, in 
_run_once
    handle._run()
  File "C:\Python314\Li
b\asyncio\events.py", 
line 94, in _run
    self._context.run(s
elf._callback, 
*self._args)
  File "C:\Users\Karim\
Medinsightv2\scripts\te
st_backend_api.py", 
line 223, in run
    success = await 
self.test_step(name, 
func, client)
  File "C:\Users\Karim\
Medinsightv2\scripts\te
st_backend_api.py", 
line 48, in test_step
    
logger.info(f"\u2705 
{name}: SUCCESS")
Message: '\u2705 
Appointment Creation: 
SUCCESS'
Arguments: ()
2026-01-09 19:58:43,098 - INFO - --- Testing: Prescription Issuance ---
2026-01-09 19:58:43,157 - INFO - HTTP Request: POST http://localhost:8080/api/appointments/fa6f95ba-2c97-486b-b59b-687bae4c715c/prescriptions "HTTP/1.1 201 Created"
--- Logging error ---
Traceback (most recent 
call last):
  File "C:\Python314\Li
b\logging\__init__.py",
 line 1154, in emit
    stream.write(msg + 
self.terminator)
    ~~~~~~~~~~~~^^^^^^^
^^^^^^^^^^^^^^^^
  File "C:\Python314\Li
b\encodings\cp1252.py",
 line 19, in encode
    return codecs.charm
ap_encode(input,self.er
rors,encoding_table)[0]
           ~~~~~~~~~~~~
~~~~~~~~~^^^^^^^^^^^^^^
^^^^^^^^^^^^^^^^^^^^
UnicodeEncodeError: 
'charmap' codec can't 
encode character 
'\u2705' in position 
33: character maps to 
<undefined>
Call stack:
  File "C:\Users\Karim\
Medinsightv2\scripts\te
st_backend_api.py", 
line 238, in <module>
    asyncio.run(MedInsi
ghtV2Tester().run())
  File "C:\Python314\Li
b\asyncio\runners.py", 
line 204, in run
    return 
runner.run(main)
  File "C:\Python314\Li
b\asyncio\runners.py", 
line 127, in run
    return self._loop.r
un_until_complete(task)
  File "C:\Python314\Li
b\asyncio\base_events.p
y", line 706, in 
run_until_complete
    self.run_forever()
  File "C:\Python314\Li
b\asyncio\base_events.p
y", line 677, in 
run_forever
    self._run_once()
  File "C:\Python314\Li
b\asyncio\base_events.p
y", line 2046, in 
_run_once
    handle._run()
  File "C:\Python314\Li
b\asyncio\events.py", 
line 94, in _run
    self._context.run(s
elf._callback, 
*self._args)
  File "C:\Users\Karim\
Medinsightv2\scripts\te
st_backend_api.py", 
line 223, in run
    success = await 
self.test_step(name, 
func, client)
  File "C:\Users\Karim\
Medinsightv2\scripts\te
st_backend_api.py", 
line 48, in test_step
    
logger.info(f"\u2705 
{name}: SUCCESS")
Message: '\u2705 
Prescription Issuance: 
SUCCESS'
Arguments: ()
2026-01-09 19:58:43,159 - INFO - --- Testing: Patient Prescription Access ---
2026-01-09 19:58:43,175 - INFO - HTTP Request: GET http://localhost:8080/api/prescriptions/patient/72326dd5-f59c-4fc6-a0a7-3f7278c21ce0 "HTTP/1.1 404 Not Found"
--- Logging error ---
Traceback (most recent 
call last):
  File "C:\Python314\Li
b\logging\__init__.py",
 line 1154, in emit
    stream.write(msg + 
self.terminator)
    ~~~~~~~~~~~~^^^^^^^
^^^^^^^^^^^^^^^^
  File "C:\Python314\Li
b\encodings\cp1252.py",
 line 19, in encode
    return codecs.charm
ap_encode(input,self.er
rors,encoding_table)[0]
           ~~~~~~~~~~~~
~~~~~~~~~^^^^^^^^^^^^^^
^^^^^^^^^^^^^^^^^^^^
UnicodeEncodeError: 
'charmap' codec can't 
encode character 
'\u274c' in position 
34: character maps to 
<undefined>
Call stack:
  File "C:\Users\Karim\
Medinsightv2\scripts\te
st_backend_api.py", 
line 238, in <module>
    asyncio.run(MedInsi
ghtV2Tester().run())
  File "C:\Python314\Li
b\asyncio\runners.py", 
line 204, in run
    return 
runner.run(main)
  File "C:\Python314\Li
b\asyncio\runners.py", 
line 127, in run
    return self._loop.r
un_until_complete(task)
  File "C:\Python314\Li
b\asyncio\base_events.p
y", line 706, in 
run_until_complete
    self.run_forever()
  File "C:\Python314\Li
b\asyncio\base_events.p
y", line 677, in 
run_forever
    self._run_once()
  File "C:\Python314\Li
b\asyncio\base_events.p
y", line 2046, in 
_run_once
    handle._run()
  File "C:\Python314\Li
b\asyncio\events.py", 
line 94, in _run
    self._context.run(s
elf._callback, 
*self._args)
  File "C:\Users\Karim\
Medinsightv2\scripts\te
st_backend_api.py", 
line 223, in run
    success = await 
self.test_step(name, 
func, client)
  File "C:\Users\Karim\
Medinsightv2\scripts\te
st_backend_api.py", 
line 50, in test_step
    
logger.error(f"\u274c 
{name}: FAILED")
Message: '\u274c 
Patient Prescription 
Access: FAILED'
Arguments: ()
2026-01-09 19:58:43,176 - WARNING - Aborting sequence after failure in Patient Prescription Access
2026-01-09 19:58:43,176 - INFO - 
==============================
2026-01-09 19:58:43,176 - INFO -  FINAL TEST SUMMARY 
2026-01-09 19:58:43,176 - INFO - ==============================
2026-01-09 19:58:43,176 - INFO - User Registration............. PASS
2026-01-09 19:58:43,176 - INFO - Authentication & Tokens....... PASS
2026-01-09 19:58:43,176 - INFO - Appointment Creation.......... PASS
2026-01-09 19:58:43,176 - INFO - Prescription Issuance......... PASS
2026-01-09 19:58:43,176 - INFO - Patient Prescription Access... FAIL
2026-01-09 19:58:43,176 - INFO - ==============================
